
Copyright (C) 1994-2018 Synopsys, Inc.
This Synopsys software and all associated documentation are proprietary to Synopsys, Inc.
and may only be used pursuant to the terms and conditions of a written license agreement
with Synopsys, Inc. All other use, reproduction, modification, or distribution of the
Synopsys software or the associated documentation is strictly prohibited.
Tool: Synplify Pro (R)
Build: N-2018.03M-SP1-1
Install: C:\Microsemi\Libero_SoC_v12.1\SynplifyPro
OS: Windows 6.2

Hostname: DESKTOP-7FLV13P

Implementation : synthesis
Synopsys HDL compiler and linker, Version comp2018q2p1, Build 223R, Built Oct 23 2018 09:18:38

Modified Files: 21
FID:  path (prevtimestamp, timestamp)
0        C:\Microsemi\Libero_SoC_v12.1\SynplifyPro\lib\generic\smartfusion2.v (N/A, 2018-12-21 00:52:13)
1        C:\Microsemi\Libero_SoC_v12.1\SynplifyPro\lib\vlog\hypermods.v (N/A, 2018-12-21 00:52:16)
2        C:\Microsemi\Libero_SoC_v12.1\SynplifyPro\lib\vlog\scemi_objects.v (N/A, 2018-12-21 00:52:16)
3        C:\Microsemi\Libero_SoC_v12.1\SynplifyPro\lib\vlog\scemi_pipes.svh (N/A, 2018-12-21 00:52:16)
4        C:\Microsemi\Libero_SoC_v12.1\SynplifyPro\lib\vlog\umr_capim.v (N/A, 2018-12-21 00:52:16)
5        C:\Users\Joseph Howarth\Documents\UMSATS\cdh-tsat5\cdh-tsat5-libero\component\Actel\DirectCore\CORESPI\3.0.156\rtl\vlog\core\corespi.v (N/A, 2019-11-02 12:15:28)
6        C:\Users\Joseph Howarth\Documents\UMSATS\cdh-tsat5\cdh-tsat5-libero\component\Actel\DirectCore\CORESPI\3.0.156\rtl\vlog\core\corespi_sfr.v (N/A, 2019-11-02 12:15:28)
7        C:\Users\Joseph Howarth\Documents\UMSATS\cdh-tsat5\cdh-tsat5-libero\component\Actel\DirectCore\CORESPI\3.0.156\rtl\vlog\core\spi_master.v (N/A, 2019-11-02 12:15:28)
8        C:\Users\Joseph Howarth\Documents\UMSATS\cdh-tsat5\cdh-tsat5-libero\component\Actel\DirectCore\CORESPI\3.0.156\rtl\vlog\core\spi_slave.v (N/A, 2019-11-02 12:15:28)
9        C:\Users\Joseph Howarth\Documents\UMSATS\cdh-tsat5\cdh-tsat5-libero\component\Actel\DirectCore\CoreAPB3\4.1.100\rtl\vlog\core_obfuscated\coreapb3.v (N/A, 2019-11-02 12:15:28)
10       C:\Users\Joseph Howarth\Documents\UMSATS\cdh-tsat5\cdh-tsat5-libero\component\Actel\DirectCore\CoreAPB3\4.1.100\rtl\vlog\core_obfuscated\coreapb3_iaddr_reg.v (N/A, 2019-11-02 12:15:28)
11       C:\Users\Joseph Howarth\Documents\UMSATS\cdh-tsat5\cdh-tsat5-libero\component\Actel\DirectCore\CoreAPB3\4.1.100\rtl\vlog\core_obfuscated\coreapb3_muxptob3.v (N/A, 2019-11-02 12:15:28)
12       C:\Users\Joseph Howarth\Documents\UMSATS\cdh-tsat5\cdh-tsat5-libero\component\Actel\DirectCore\CoreResetP\7.1.100\rtl\vlog\core\coreresetp.v (N/A, 2019-11-02 12:15:28)
13       C:\Users\Joseph Howarth\Documents\UMSATS\cdh-tsat5\cdh-tsat5-libero\component\Actel\DirectCore\CoreResetP\7.1.100\rtl\vlog\core\coreresetp_pcie_hotreset.v (N/A, 2019-11-02 12:15:28)
14       C:\Users\Joseph Howarth\Documents\UMSATS\cdh-tsat5\cdh-tsat5-libero\component\Actel\SgCore\OSC\2.0.101\osc_comps.v (N/A, 2019-11-02 12:15:28)
15       C:\Users\Joseph Howarth\Documents\UMSATS\cdh-tsat5\cdh-tsat5-libero\component\work\cdh_tsat5_system\cdh_tsat5_system.v (N/A, 2019-11-04 12:42:34)
16       C:\Users\Joseph Howarth\Documents\UMSATS\cdh-tsat5\cdh-tsat5-libero\component\work\cdh_tsat5_system_sb\CCC_0\cdh_tsat5_system_sb_CCC_0_FCCC.v (N/A, 2019-11-02 12:15:29)
17       C:\Users\Joseph Howarth\Documents\UMSATS\cdh-tsat5\cdh-tsat5-libero\component\work\cdh_tsat5_system_sb\FABOSC_0\cdh_tsat5_system_sb_FABOSC_0_OSC.v (N/A, 2019-11-02 12:15:29)
18       C:\Users\Joseph Howarth\Documents\UMSATS\cdh-tsat5\cdh-tsat5-libero\component\work\cdh_tsat5_system_sb\cdh_tsat5_system_sb.v (N/A, 2019-11-02 12:15:29)
19       C:\Users\Joseph Howarth\Documents\UMSATS\cdh-tsat5\cdh-tsat5-libero\component\work\cdh_tsat5_system_sb_MSS\cdh_tsat5_system_sb_MSS.v (N/A, 2019-11-02 12:15:29)
20       C:\Users\Joseph Howarth\Documents\UMSATS\cdh-tsat5\cdh-tsat5-libero\component\work\cdh_tsat5_system_sb_MSS\cdh_tsat5_system_sb_MSS_syn.v (N/A, 2019-11-02 12:15:29)

*******************************************************************
Modules that may have changed as a result of file changes: 21
MID:  lib.cell.view
0        COREAPB3_LIB.CAPB3II.verilog may have changed because the following files changed:
                        C:\Users\Joseph Howarth\Documents\UMSATS\cdh-tsat5\cdh-tsat5-libero\component\Actel\DirectCore\CoreAPB3\4.1.100\rtl\vlog\core_obfuscated\coreapb3.v (N/A, 2019-11-02 12:15:28) <-- (may instantiate this module)
                        C:\Users\Joseph Howarth\Documents\UMSATS\cdh-tsat5\cdh-tsat5-libero\component\Actel\DirectCore\CoreAPB3\4.1.100\rtl\vlog\core_obfuscated\coreapb3_muxptob3.v (N/A, 2019-11-02 12:15:28) <-- (module definition)
                        C:\Users\Joseph Howarth\Documents\UMSATS\cdh-tsat5\cdh-tsat5-libero\component\work\cdh_tsat5_system\cdh_tsat5_system.v (N/A, 2019-11-04 12:42:34) <-- (may instantiate this module)
                        C:\Users\Joseph Howarth\Documents\UMSATS\cdh-tsat5\cdh-tsat5-libero\component\work\cdh_tsat5_system_sb\cdh_tsat5_system_sb.v (N/A, 2019-11-02 12:15:29) <-- (may instantiate this module)
1        COREAPB3_LIB.CAPB3O.verilog may have changed because the following files changed:
                        C:\Users\Joseph Howarth\Documents\UMSATS\cdh-tsat5\cdh-tsat5-libero\component\Actel\DirectCore\CoreAPB3\4.1.100\rtl\vlog\core_obfuscated\coreapb3.v (N/A, 2019-11-02 12:15:28) <-- (may instantiate this module)
                        C:\Users\Joseph Howarth\Documents\UMSATS\cdh-tsat5\cdh-tsat5-libero\component\Actel\DirectCore\CoreAPB3\4.1.100\rtl\vlog\core_obfuscated\coreapb3_iaddr_reg.v (N/A, 2019-11-02 12:15:28) <-- (module definition)
                        C:\Users\Joseph Howarth\Documents\UMSATS\cdh-tsat5\cdh-tsat5-libero\component\work\cdh_tsat5_system\cdh_tsat5_system.v (N/A, 2019-11-04 12:42:34) <-- (may instantiate this module)
                        C:\Users\Joseph Howarth\Documents\UMSATS\cdh-tsat5\cdh-tsat5-libero\component\work\cdh_tsat5_system_sb\cdh_tsat5_system_sb.v (N/A, 2019-11-02 12:15:29) <-- (may instantiate this module)
2        COREAPB3_LIB.CoreAPB3.verilog may have changed because the following files changed:
                        C:\Users\Joseph Howarth\Documents\UMSATS\cdh-tsat5\cdh-tsat5-libero\component\Actel\DirectCore\CoreAPB3\4.1.100\rtl\vlog\core_obfuscated\coreapb3.v (N/A, 2019-11-02 12:15:28) <-- (module definition)
                        C:\Users\Joseph Howarth\Documents\UMSATS\cdh-tsat5\cdh-tsat5-libero\component\work\cdh_tsat5_system\cdh_tsat5_system.v (N/A, 2019-11-04 12:42:34) <-- (may instantiate this module)
                        C:\Users\Joseph Howarth\Documents\UMSATS\cdh-tsat5\cdh-tsat5-libero\component\work\cdh_tsat5_system_sb\cdh_tsat5_system_sb.v (N/A, 2019-11-02 12:15:29) <-- (may instantiate this module)
3        work.CORESPI.verilog may have changed because the following files changed:
                        C:\Users\Joseph Howarth\Documents\UMSATS\cdh-tsat5\cdh-tsat5-libero\component\Actel\DirectCore\CORESPI\3.0.156\rtl\vlog\core\corespi.v (N/A, 2019-11-02 12:15:28) <-- (module definition)
                        C:\Users\Joseph Howarth\Documents\UMSATS\cdh-tsat5\cdh-tsat5-libero\component\work\cdh_tsat5_system\cdh_tsat5_system.v (N/A, 2019-11-04 12:42:34) <-- (may instantiate this module)
                        C:\Users\Joseph Howarth\Documents\UMSATS\cdh-tsat5\cdh-tsat5-libero\component\work\cdh_tsat5_system_sb\cdh_tsat5_system_sb.v (N/A, 2019-11-02 12:15:29) <-- (may instantiate this module)
4        work.CORESPI_SFR.verilog may have changed because the following files changed:
                        C:\Users\Joseph Howarth\Documents\UMSATS\cdh-tsat5\cdh-tsat5-libero\component\Actel\DirectCore\CORESPI\3.0.156\rtl\vlog\core\corespi.v (N/A, 2019-11-02 12:15:28) <-- (may instantiate this module)
                        C:\Users\Joseph Howarth\Documents\UMSATS\cdh-tsat5\cdh-tsat5-libero\component\Actel\DirectCore\CORESPI\3.0.156\rtl\vlog\core\corespi_sfr.v (N/A, 2019-11-02 12:15:28) <-- (module definition)
                        C:\Users\Joseph Howarth\Documents\UMSATS\cdh-tsat5\cdh-tsat5-libero\component\work\cdh_tsat5_system\cdh_tsat5_system.v (N/A, 2019-11-04 12:42:34) <-- (may instantiate this module)
                        C:\Users\Joseph Howarth\Documents\UMSATS\cdh-tsat5\cdh-tsat5-libero\component\work\cdh_tsat5_system_sb\cdh_tsat5_system_sb.v (N/A, 2019-11-02 12:15:29) <-- (may instantiate this module)
5        work.CoreResetP.verilog may have changed because the following files changed:
                        C:\Users\Joseph Howarth\Documents\UMSATS\cdh-tsat5\cdh-tsat5-libero\component\Actel\DirectCore\CoreResetP\7.1.100\rtl\vlog\core\coreresetp.v (N/A, 2019-11-02 12:15:28) <-- (module definition)
                        C:\Users\Joseph Howarth\Documents\UMSATS\cdh-tsat5\cdh-tsat5-libero\component\work\cdh_tsat5_system\cdh_tsat5_system.v (N/A, 2019-11-04 12:42:34) <-- (may instantiate this module)
                        C:\Users\Joseph Howarth\Documents\UMSATS\cdh-tsat5\cdh-tsat5-libero\component\work\cdh_tsat5_system_sb\cdh_tsat5_system_sb.v (N/A, 2019-11-02 12:15:29) <-- (may instantiate this module)
6        work.MSS_010.verilog may have changed because the following files changed:
                        C:\Users\Joseph Howarth\Documents\UMSATS\cdh-tsat5\cdh-tsat5-libero\component\work\cdh_tsat5_system\cdh_tsat5_system.v (N/A, 2019-11-04 12:42:34) <-- (may instantiate this module)
                        C:\Users\Joseph Howarth\Documents\UMSATS\cdh-tsat5\cdh-tsat5-libero\component\work\cdh_tsat5_system_sb\cdh_tsat5_system_sb.v (N/A, 2019-11-02 12:15:29) <-- (may instantiate this module)
                        C:\Users\Joseph Howarth\Documents\UMSATS\cdh-tsat5\cdh-tsat5-libero\component\work\cdh_tsat5_system_sb_MSS\cdh_tsat5_system_sb_MSS.v (N/A, 2019-11-02 12:15:29) <-- (may instantiate this module)
                        C:\Users\Joseph Howarth\Documents\UMSATS\cdh-tsat5\cdh-tsat5-libero\component\work\cdh_tsat5_system_sb_MSS\cdh_tsat5_system_sb_MSS_syn.v (N/A, 2019-11-02 12:15:29) <-- (module definition)
7        work.RCOSC_1MHZ.verilog may have changed because the following files changed:
                        C:\Users\Joseph Howarth\Documents\UMSATS\cdh-tsat5\cdh-tsat5-libero\component\Actel\SgCore\OSC\2.0.101\osc_comps.v (N/A, 2019-11-02 12:15:28) <-- (module definition)
                        C:\Users\Joseph Howarth\Documents\UMSATS\cdh-tsat5\cdh-tsat5-libero\component\work\cdh_tsat5_system\cdh_tsat5_system.v (N/A, 2019-11-04 12:42:34) <-- (may instantiate this module)
                        C:\Users\Joseph Howarth\Documents\UMSATS\cdh-tsat5\cdh-tsat5-libero\component\work\cdh_tsat5_system_sb\FABOSC_0\cdh_tsat5_system_sb_FABOSC_0_OSC.v (N/A, 2019-11-02 12:15:29) <-- (may instantiate this module)
                        C:\Users\Joseph Howarth\Documents\UMSATS\cdh-tsat5\cdh-tsat5-libero\component\work\cdh_tsat5_system_sb\cdh_tsat5_system_sb.v (N/A, 2019-11-02 12:15:29) <-- (may instantiate this module)
8        work.RCOSC_1MHZ_FAB.verilog may have changed because the following files changed:
                        C:\Users\Joseph Howarth\Documents\UMSATS\cdh-tsat5\cdh-tsat5-libero\component\Actel\SgCore\OSC\2.0.101\osc_comps.v (N/A, 2019-11-02 12:15:28) <-- (module definition)
                        C:\Users\Joseph Howarth\Documents\UMSATS\cdh-tsat5\cdh-tsat5-libero\component\work\cdh_tsat5_system\cdh_tsat5_system.v (N/A, 2019-11-04 12:42:34) <-- (may instantiate this module)
                        C:\Users\Joseph Howarth\Documents\UMSATS\cdh-tsat5\cdh-tsat5-libero\component\work\cdh_tsat5_system_sb\FABOSC_0\cdh_tsat5_system_sb_FABOSC_0_OSC.v (N/A, 2019-11-02 12:15:29) <-- (may instantiate this module)
                        C:\Users\Joseph Howarth\Documents\UMSATS\cdh-tsat5\cdh-tsat5-libero\component\work\cdh_tsat5_system_sb\cdh_tsat5_system_sb.v (N/A, 2019-11-02 12:15:29) <-- (may instantiate this module)
9        work.RCOSC_25_50MHZ.verilog may have changed because the following files changed:
                        C:\Users\Joseph Howarth\Documents\UMSATS\cdh-tsat5\cdh-tsat5-libero\component\Actel\SgCore\OSC\2.0.101\osc_comps.v (N/A, 2019-11-02 12:15:28) <-- (module definition)
                        C:\Users\Joseph Howarth\Documents\UMSATS\cdh-tsat5\cdh-tsat5-libero\component\work\cdh_tsat5_system\cdh_tsat5_system.v (N/A, 2019-11-04 12:42:34) <-- (may instantiate this module)
                        C:\Users\Joseph Howarth\Documents\UMSATS\cdh-tsat5\cdh-tsat5-libero\component\work\cdh_tsat5_system_sb\FABOSC_0\cdh_tsat5_system_sb_FABOSC_0_OSC.v (N/A, 2019-11-02 12:15:29) <-- (may instantiate this module)
                        C:\Users\Joseph Howarth\Documents\UMSATS\cdh-tsat5\cdh-tsat5-libero\component\work\cdh_tsat5_system_sb\cdh_tsat5_system_sb.v (N/A, 2019-11-02 12:15:29) <-- (may instantiate this module)
10       work.RCOSC_25_50MHZ_FAB.verilog may have changed because the following files changed:
                        C:\Users\Joseph Howarth\Documents\UMSATS\cdh-tsat5\cdh-tsat5-libero\component\Actel\SgCore\OSC\2.0.101\osc_comps.v (N/A, 2019-11-02 12:15:28) <-- (module definition)
                        C:\Users\Joseph Howarth\Documents\UMSATS\cdh-tsat5\cdh-tsat5-libero\component\work\cdh_tsat5_system\cdh_tsat5_system.v (N/A, 2019-11-04 12:42:34) <-- (may instantiate this module)
                        C:\Users\Joseph Howarth\Documents\UMSATS\cdh-tsat5\cdh-tsat5-libero\component\work\cdh_tsat5_system_sb\FABOSC_0\cdh_tsat5_system_sb_FABOSC_0_OSC.v (N/A, 2019-11-02 12:15:29) <-- (may instantiate this module)
                        C:\Users\Joseph Howarth\Documents\UMSATS\cdh-tsat5\cdh-tsat5-libero\component\work\cdh_tsat5_system_sb\cdh_tsat5_system_sb.v (N/A, 2019-11-02 12:15:29) <-- (may instantiate this module)
11       work.XTLOSC.verilog may have changed because the following files changed:
                        C:\Users\Joseph Howarth\Documents\UMSATS\cdh-tsat5\cdh-tsat5-libero\component\Actel\SgCore\OSC\2.0.101\osc_comps.v (N/A, 2019-11-02 12:15:28) <-- (module definition)
                        C:\Users\Joseph Howarth\Documents\UMSATS\cdh-tsat5\cdh-tsat5-libero\component\work\cdh_tsat5_system\cdh_tsat5_system.v (N/A, 2019-11-04 12:42:34) <-- (may instantiate this module)
                        C:\Users\Joseph Howarth\Documents\UMSATS\cdh-tsat5\cdh-tsat5-libero\component\work\cdh_tsat5_system_sb\FABOSC_0\cdh_tsat5_system_sb_FABOSC_0_OSC.v (N/A, 2019-11-02 12:15:29) <-- (may instantiate this module)
                        C:\Users\Joseph Howarth\Documents\UMSATS\cdh-tsat5\cdh-tsat5-libero\component\work\cdh_tsat5_system_sb\cdh_tsat5_system_sb.v (N/A, 2019-11-02 12:15:29) <-- (may instantiate this module)
12       work.XTLOSC_FAB.verilog may have changed because the following files changed:
                        C:\Users\Joseph Howarth\Documents\UMSATS\cdh-tsat5\cdh-tsat5-libero\component\Actel\SgCore\OSC\2.0.101\osc_comps.v (N/A, 2019-11-02 12:15:28) <-- (module definition)
                        C:\Users\Joseph Howarth\Documents\UMSATS\cdh-tsat5\cdh-tsat5-libero\component\work\cdh_tsat5_system\cdh_tsat5_system.v (N/A, 2019-11-04 12:42:34) <-- (may instantiate this module)
                        C:\Users\Joseph Howarth\Documents\UMSATS\cdh-tsat5\cdh-tsat5-libero\component\work\cdh_tsat5_system_sb\FABOSC_0\cdh_tsat5_system_sb_FABOSC_0_OSC.v (N/A, 2019-11-02 12:15:29) <-- (may instantiate this module)
                        C:\Users\Joseph Howarth\Documents\UMSATS\cdh-tsat5\cdh-tsat5-libero\component\work\cdh_tsat5_system_sb\cdh_tsat5_system_sb.v (N/A, 2019-11-02 12:15:29) <-- (may instantiate this module)
13       work.cdh_tsat5_system.verilog may have changed because the following files changed:
                        C:\Users\Joseph Howarth\Documents\UMSATS\cdh-tsat5\cdh-tsat5-libero\component\work\cdh_tsat5_system\cdh_tsat5_system.v (N/A, 2019-11-04 12:42:34) <-- (module definition)
14       work.cdh_tsat5_system_sb.verilog may have changed because the following files changed:
                        C:\Users\Joseph Howarth\Documents\UMSATS\cdh-tsat5\cdh-tsat5-libero\component\work\cdh_tsat5_system\cdh_tsat5_system.v (N/A, 2019-11-04 12:42:34) <-- (may instantiate this module)
                        C:\Users\Joseph Howarth\Documents\UMSATS\cdh-tsat5\cdh-tsat5-libero\component\work\cdh_tsat5_system_sb\cdh_tsat5_system_sb.v (N/A, 2019-11-02 12:15:29) <-- (module definition)
15       work.cdh_tsat5_system_sb_CCC_0_FCCC.verilog may have changed because the following files changed:
                        C:\Users\Joseph Howarth\Documents\UMSATS\cdh-tsat5\cdh-tsat5-libero\component\work\cdh_tsat5_system\cdh_tsat5_system.v (N/A, 2019-11-04 12:42:34) <-- (may instantiate this module)
                        C:\Users\Joseph Howarth\Documents\UMSATS\cdh-tsat5\cdh-tsat5-libero\component\work\cdh_tsat5_system_sb\CCC_0\cdh_tsat5_system_sb_CCC_0_FCCC.v (N/A, 2019-11-02 12:15:29) <-- (module definition)
                        C:\Users\Joseph Howarth\Documents\UMSATS\cdh-tsat5\cdh-tsat5-libero\component\work\cdh_tsat5_system_sb\cdh_tsat5_system_sb.v (N/A, 2019-11-02 12:15:29) <-- (may instantiate this module)
16       work.cdh_tsat5_system_sb_FABOSC_0_OSC.verilog may have changed because the following files changed:
                        C:\Users\Joseph Howarth\Documents\UMSATS\cdh-tsat5\cdh-tsat5-libero\component\work\cdh_tsat5_system\cdh_tsat5_system.v (N/A, 2019-11-04 12:42:34) <-- (may instantiate this module)
                        C:\Users\Joseph Howarth\Documents\UMSATS\cdh-tsat5\cdh-tsat5-libero\component\work\cdh_tsat5_system_sb\FABOSC_0\cdh_tsat5_system_sb_FABOSC_0_OSC.v (N/A, 2019-11-02 12:15:29) <-- (module definition)
                        C:\Users\Joseph Howarth\Documents\UMSATS\cdh-tsat5\cdh-tsat5-libero\component\work\cdh_tsat5_system_sb\cdh_tsat5_system_sb.v (N/A, 2019-11-02 12:15:29) <-- (may instantiate this module)
17       work.cdh_tsat5_system_sb_MSS.verilog may have changed because the following files changed:
                        C:\Users\Joseph Howarth\Documents\UMSATS\cdh-tsat5\cdh-tsat5-libero\component\work\cdh_tsat5_system\cdh_tsat5_system.v (N/A, 2019-11-04 12:42:34) <-- (may instantiate this module)
                        C:\Users\Joseph Howarth\Documents\UMSATS\cdh-tsat5\cdh-tsat5-libero\component\work\cdh_tsat5_system_sb\cdh_tsat5_system_sb.v (N/A, 2019-11-02 12:15:29) <-- (may instantiate this module)
                        C:\Users\Joseph Howarth\Documents\UMSATS\cdh-tsat5\cdh-tsat5-libero\component\work\cdh_tsat5_system_sb_MSS\cdh_tsat5_system_sb_MSS.v (N/A, 2019-11-02 12:15:29) <-- (module definition)
18       work.coreresetp_pcie_hotreset.verilog may have changed because the following files changed:
                        C:\Users\Joseph Howarth\Documents\UMSATS\cdh-tsat5\cdh-tsat5-libero\component\Actel\DirectCore\CoreResetP\7.1.100\rtl\vlog\core\coreresetp.v (N/A, 2019-11-02 12:15:28) <-- (may instantiate this module)
                        C:\Users\Joseph Howarth\Documents\UMSATS\cdh-tsat5\cdh-tsat5-libero\component\Actel\DirectCore\CoreResetP\7.1.100\rtl\vlog\core\coreresetp_pcie_hotreset.v (N/A, 2019-11-02 12:15:28) <-- (module definition)
                        C:\Users\Joseph Howarth\Documents\UMSATS\cdh-tsat5\cdh-tsat5-libero\component\work\cdh_tsat5_system\cdh_tsat5_system.v (N/A, 2019-11-04 12:42:34) <-- (may instantiate this module)
                        C:\Users\Joseph Howarth\Documents\UMSATS\cdh-tsat5\cdh-tsat5-libero\component\work\cdh_tsat5_system_sb\cdh_tsat5_system_sb.v (N/A, 2019-11-02 12:15:29) <-- (may instantiate this module)
19       work.spi_master.verilog may have changed because the following files changed:
                        C:\Users\Joseph Howarth\Documents\UMSATS\cdh-tsat5\cdh-tsat5-libero\component\Actel\DirectCore\CORESPI\3.0.156\rtl\vlog\core\corespi.v (N/A, 2019-11-02 12:15:28) <-- (may instantiate this module)
                        C:\Users\Joseph Howarth\Documents\UMSATS\cdh-tsat5\cdh-tsat5-libero\component\Actel\DirectCore\CORESPI\3.0.156\rtl\vlog\core\corespi_sfr.v (N/A, 2019-11-02 12:15:28) <-- (may instantiate this module)
                        C:\Users\Joseph Howarth\Documents\UMSATS\cdh-tsat5\cdh-tsat5-libero\component\Actel\DirectCore\CORESPI\3.0.156\rtl\vlog\core\spi_master.v (N/A, 2019-11-02 12:15:28) <-- (module definition)
                        C:\Users\Joseph Howarth\Documents\UMSATS\cdh-tsat5\cdh-tsat5-libero\component\work\cdh_tsat5_system\cdh_tsat5_system.v (N/A, 2019-11-04 12:42:34) <-- (may instantiate this module)
                        C:\Users\Joseph Howarth\Documents\UMSATS\cdh-tsat5\cdh-tsat5-libero\component\work\cdh_tsat5_system_sb\cdh_tsat5_system_sb.v (N/A, 2019-11-02 12:15:29) <-- (may instantiate this module)
20       work.spi_slave.verilog may have changed because the following files changed:
                        C:\Users\Joseph Howarth\Documents\UMSATS\cdh-tsat5\cdh-tsat5-libero\component\Actel\DirectCore\CORESPI\3.0.156\rtl\vlog\core\corespi.v (N/A, 2019-11-02 12:15:28) <-- (may instantiate this module)
                        C:\Users\Joseph Howarth\Documents\UMSATS\cdh-tsat5\cdh-tsat5-libero\component\Actel\DirectCore\CORESPI\3.0.156\rtl\vlog\core\corespi_sfr.v (N/A, 2019-11-02 12:15:28) <-- (may instantiate this module)
                        C:\Users\Joseph Howarth\Documents\UMSATS\cdh-tsat5\cdh-tsat5-libero\component\Actel\DirectCore\CORESPI\3.0.156\rtl\vlog\core\spi_slave.v (N/A, 2019-11-02 12:15:28) <-- (module definition)
                        C:\Users\Joseph Howarth\Documents\UMSATS\cdh-tsat5\cdh-tsat5-libero\component\work\cdh_tsat5_system\cdh_tsat5_system.v (N/A, 2019-11-04 12:42:34) <-- (may instantiate this module)
                        C:\Users\Joseph Howarth\Documents\UMSATS\cdh-tsat5\cdh-tsat5-libero\component\work\cdh_tsat5_system_sb\cdh_tsat5_system_sb.v (N/A, 2019-11-02 12:15:29) <-- (may instantiate this module)

*******************************************************************
Unmodified files: 0
FID:  path (timestamp)

*******************************************************************
Unchanged modules: 0
MID:  lib.cell.view
